#0 building with "desktop-linux" instance using docker driver

#1 [internal] load build definition from Dockerfile
#1 transferring dockerfile: 1.65kB done
#1 DONE 0.0s

#2 [internal] load metadata for docker.io/openeuler/openeuler:24.03-lts
#2 DONE 0.4s

#3 [internal] load .dockerignore
#3 transferring context: 260B done
#3 DONE 0.0s

#4 [ 1/11] FROM docker.io/openeuler/openeuler:24.03-lts@sha256:ace677f48c79ae6bc17046cb8c2940b38f7050afc752c8463e1553b9e7b60974
#4 resolve docker.io/openeuler/openeuler:24.03-lts@sha256:ace677f48c79ae6bc17046cb8c2940b38f7050afc752c8463e1553b9e7b60974 0.0s done
#4 DONE 0.0s

#5 [internal] load build context
#5 transferring context: 1.95kB done
#5 DONE 0.0s

#6 [ 2/11] RUN dnf install -y python3 python3-pip && dnf clean all
#6 CACHED

#7 [ 8/11] COPY configs ./configs
#7 CACHED

#8 [ 4/11] WORKDIR /app
#8 CACHED

#9 [ 7/11] RUN uv sync --frozen --no-dev --extra api
#9 CACHED

#10 [ 5/11] COPY pyproject.toml uv.lock README.md ./
#10 CACHED

#11 [ 9/11] COPY tests ./tests
#11 CACHED

#12 [ 3/11] RUN python3 -m pip install --no-cache-dir uv
#12 CACHED

#13 [ 6/11] COPY src ./src
#13 CACHED

#14 [10/11] COPY scripts ./scripts
#14 CACHED

#15 [11/11] RUN useradd -r -u 1001 -m -d /home/synapse synapse && chown -R synapse:synapse /app
#15 0.224 /bin/sh: line 1: useradd: command not found
#15 ERROR: process "/bin/sh -c useradd -r -u 1001 -m -d /home/synapse synapse && chown -R synapse:synapse /app" did not complete successfully: exit code: 127
------
 > [11/11] RUN useradd -r -u 1001 -m -d /home/synapse synapse && chown -R synapse:synapse /app:
0.224 /bin/sh: line 1: useradd: command not found
------
Dockerfile:28
--------------------
  26 |     
  27 |     # 非 root 运行（最小权限；root 仅用于上面的系统安装/依赖同步）
  28 | >>> RUN useradd -r -u 1001 -m -d /home/synapse synapse && chown -R synapse:synapse /app
  29 |     USER synapse
  30 |     
--------------------
ERROR: failed to build: failed to solve: process "/bin/sh -c useradd -r -u 1001 -m -d /home/synapse synapse && chown -R synapse:synapse /app" did not complete successfully: exit code: 127

View build details: docker-desktop://dashboard/build/desktop-linux/desktop-linux/pau9w5j9w14zyx07p1ieqe5lf
